// Jest Snapshot v1, https://goo.gl/fbAQLP

exports[`DataTable Snapshots should match snapshots as primary themed 1`] = `
<Component>
  <Component>
    <Component
      head={true}
      key="datatable-header-name"
    >
      <div
        onClick={[Function]}
        style={
          Object {
            "flex": 3,
          }
        }
      >
        <span>
          Meno
        </span>
      </div>
      <div
        style={
          Object {
            "alignItems": "flex-end",
            "display": "flex",
            "flex": 1,
            "flexDirection": "row",
            "justifyContent": "flex-end",
          }
        }
      >
        <Blueprint3.Button
          className=""
          icon="chevron-up"
          intent="primary"
          minimal={true}
          onClick={[Function]}
        />
        <Blueprint3.Popover
          boundary="scrollParent"
          captureDismiss={false}
          defaultIsOpen={false}
          disabled={false}
          fill={false}
          hasBackdrop={false}
          hoverCloseDelay={300}
          hoverOpenDelay={150}
          inheritDarkTheme={true}
          interactionKind="click"
          minimal={false}
          modifiers={Object {}}
          openOnTargetFocus={true}
          position="bottom"
          targetTagName="span"
          transitionDuration={300}
          usePortal={true}
          wrapperTagName="span"
        >
          <Blueprint3.Button
            icon={
              <Blueprint3.Icon
                color="#A7B6C2"
                icon="filter"
              />
            }
            minimal={true}
            style={
              Object {
                "alignSelf": "center",
                "justifySelf": "center",
                "marginBottom": 0,
              }
            }
          />
          <FilterRenderer
            column={
              Object {
                "filterable": true,
                "format": [Function],
                "id": "name",
                "sortable": true,
                "title": "Meno",
                "type": 0,
                "visible": true,
              }
            }
            filterState={
              Object {
                "active": false,
                "column": "name",
                "comparator": "contains",
                "type": 0,
                "value": "",
              }
            }
            onFilterStateChange={[Function]}
          />
        </Blueprint3.Popover>
      </div>
    </Component>
  </Component>
  <Component>
    <Component
      key="data-table-empty-row-1"
    >
      <Component
        className="bp3-skeleton"
        key="data-table-item-empty-cell-name-1"
      >
         
      </Component>
    </Component>
    <Component
      key="data-table-empty-row-2"
    >
      <Component
        className="bp3-skeleton"
        key="data-table-item-empty-cell-name-2"
      >
         
      </Component>
    </Component>
    <Component
      key="data-table-empty-row-3"
    >
      <Component
        className="bp3-skeleton"
        key="data-table-item-empty-cell-name-3"
      >
         
      </Component>
    </Component>
    <Component
      key="data-table-empty-row-4"
    >
      <Component
        className="bp3-skeleton"
        key="data-table-item-empty-cell-name-4"
      >
         
      </Component>
    </Component>
    <Component
      key="data-table-empty-row-5"
    >
      <Component
        className="bp3-skeleton"
        key="data-table-item-empty-cell-name-5"
      >
         
      </Component>
    </Component>
    <Component
      key="data-table-empty-row-6"
    >
      <Component
        className="bp3-skeleton"
        key="data-table-item-empty-cell-name-6"
      >
         
      </Component>
    </Component>
    <Component
      key="data-table-empty-row-7"
    >
      <Component
        className="bp3-skeleton"
        key="data-table-item-empty-cell-name-7"
      >
         
      </Component>
    </Component>
    <Component
      key="data-table-empty-row-8"
    >
      <Component
        className="bp3-skeleton"
        key="data-table-item-empty-cell-name-8"
      >
         
      </Component>
    </Component>
    <Component
      key="data-table-empty-row-9"
    >
      <Component
        className="bp3-skeleton"
        key="data-table-item-empty-cell-name-9"
      >
         
      </Component>
    </Component>
    <Component
      key="data-table-empty-row-10"
    >
      <Component
        className="bp3-skeleton"
        key="data-table-item-empty-cell-name-10"
      >
         
      </Component>
    </Component>
    <Component
      key="data-table-empty-row-11"
    >
      <Component
        className="bp3-skeleton"
        key="data-table-item-empty-cell-name-11"
      >
         
      </Component>
    </Component>
    <Component
      key="data-table-empty-row-12"
    >
      <Component
        className="bp3-skeleton"
        key="data-table-item-empty-cell-name-12"
      >
         
      </Component>
    </Component>
    <Component
      key="data-table-empty-row-13"
    >
      <Component
        className="bp3-skeleton"
        key="data-table-item-empty-cell-name-13"
      >
         
      </Component>
    </Component>
    <Component
      key="data-table-empty-row-14"
    >
      <Component
        className="bp3-skeleton"
        key="data-table-item-empty-cell-name-14"
      >
         
      </Component>
    </Component>
    <Component
      key="data-table-empty-row-15"
    >
      <Component
        className="bp3-skeleton"
        key="data-table-item-empty-cell-name-15"
      >
         
      </Component>
    </Component>
    <Component
      key="data-table-empty-row-16"
    >
      <Component
        className="bp3-skeleton"
        key="data-table-item-empty-cell-name-16"
      >
         
      </Component>
    </Component>
    <Component
      key="data-table-empty-row-17"
    >
      <Component
        className="bp3-skeleton"
        key="data-table-item-empty-cell-name-17"
      >
         
      </Component>
    </Component>
    <Component
      key="data-table-empty-row-18"
    >
      <Component
        className="bp3-skeleton"
        key="data-table-item-empty-cell-name-18"
      >
         
      </Component>
    </Component>
    <Component
      key="data-table-empty-row-19"
    >
      <Component
        className="bp3-skeleton"
        key="data-table-item-empty-cell-name-19"
      >
         
      </Component>
    </Component>
    <Component
      key="data-table-empty-row-20"
    >
      <Component
        className="bp3-skeleton"
        key="data-table-item-empty-cell-name-20"
      >
         
      </Component>
    </Component>
    <Component
      key="data-table-empty-row-21"
    >
      <Component
        className="bp3-skeleton"
        key="data-table-item-empty-cell-name-21"
      >
         
      </Component>
    </Component>
    <Component
      key="data-table-empty-row-22"
    >
      <Component
        className="bp3-skeleton"
        key="data-table-item-empty-cell-name-22"
      >
         
      </Component>
    </Component>
    <Component
      key="data-table-empty-row-23"
    >
      <Component
        className="bp3-skeleton"
        key="data-table-item-empty-cell-name-23"
      >
         
      </Component>
    </Component>
    <Component
      key="data-table-empty-row-24"
    >
      <Component
        className="bp3-skeleton"
        key="data-table-item-empty-cell-name-24"
      >
         
      </Component>
    </Component>
    <Component
      key="data-table-empty-row-25"
    >
      <Component
        className="bp3-skeleton"
        key="data-table-item-empty-cell-name-25"
      >
         
      </Component>
    </Component>
    <Component
      key="data-table-empty-row-26"
    >
      <Component
        className="bp3-skeleton"
        key="data-table-item-empty-cell-name-26"
      >
         
      </Component>
    </Component>
    <Component
      key="data-table-empty-row-27"
    >
      <Component
        className="bp3-skeleton"
        key="data-table-item-empty-cell-name-27"
      >
         
      </Component>
    </Component>
    <Component
      key="data-table-empty-row-28"
    >
      <Component
        className="bp3-skeleton"
        key="data-table-item-empty-cell-name-28"
      >
         
      </Component>
    </Component>
    <Component
      key="data-table-empty-row-29"
    >
      <Component
        className="bp3-skeleton"
        key="data-table-item-empty-cell-name-29"
      >
         
      </Component>
    </Component>
    <Component
      key="data-table-empty-row-30"
    >
      <Component
        className="bp3-skeleton"
        key="data-table-item-empty-cell-name-30"
      >
         
      </Component>
    </Component>
    <Component
      key="data-table-empty-row-31"
    >
      <Component
        className="bp3-skeleton"
        key="data-table-item-empty-cell-name-31"
      >
         
      </Component>
    </Component>
    <Component
      key="data-table-empty-row-32"
    >
      <Component
        className="bp3-skeleton"
        key="data-table-item-empty-cell-name-32"
      >
         
      </Component>
    </Component>
    <Component
      key="data-table-empty-row-33"
    >
      <Component
        className="bp3-skeleton"
        key="data-table-item-empty-cell-name-33"
      >
         
      </Component>
    </Component>
    <Component
      key="data-table-empty-row-34"
    >
      <Component
        className="bp3-skeleton"
        key="data-table-item-empty-cell-name-34"
      >
         
      </Component>
    </Component>
    <Component
      key="data-table-empty-row-35"
    >
      <Component
        className="bp3-skeleton"
        key="data-table-item-empty-cell-name-35"
      >
         
      </Component>
    </Component>
    <Component
      key="data-table-empty-row-36"
    >
      <Component
        className="bp3-skeleton"
        key="data-table-item-empty-cell-name-36"
      >
         
      </Component>
    </Component>
    <Component
      key="data-table-empty-row-37"
    >
      <Component
        className="bp3-skeleton"
        key="data-table-item-empty-cell-name-37"
      >
         
      </Component>
    </Component>
    <Component
      key="data-table-empty-row-38"
    >
      <Component
        className="bp3-skeleton"
        key="data-table-item-empty-cell-name-38"
      >
         
      </Component>
    </Component>
    <Component
      key="data-table-empty-row-39"
    >
      <Component
        className="bp3-skeleton"
        key="data-table-item-empty-cell-name-39"
      >
         
      </Component>
    </Component>
    <Component
      key="data-table-empty-row-40"
    >
      <Component
        className="bp3-skeleton"
        key="data-table-item-empty-cell-name-40"
      >
         
      </Component>
    </Component>
    <Component
      key="data-table-empty-row-41"
    >
      <Component
        className="bp3-skeleton"
        key="data-table-item-empty-cell-name-41"
      >
         
      </Component>
    </Component>
    <Component
      key="data-table-empty-row-42"
    >
      <Component
        className="bp3-skeleton"
        key="data-table-item-empty-cell-name-42"
      >
         
      </Component>
    </Component>
    <Component
      key="data-table-empty-row-43"
    >
      <Component
        className="bp3-skeleton"
        key="data-table-item-empty-cell-name-43"
      >
         
      </Component>
    </Component>
    <Component
      key="data-table-empty-row-44"
    >
      <Component
        className="bp3-skeleton"
        key="data-table-item-empty-cell-name-44"
      >
         
      </Component>
    </Component>
    <Component
      key="data-table-empty-row-45"
    >
      <Component
        className="bp3-skeleton"
        key="data-table-item-empty-cell-name-45"
      >
         
      </Component>
    </Component>
    <Component
      key="data-table-empty-row-46"
    >
      <Component
        className="bp3-skeleton"
        key="data-table-item-empty-cell-name-46"
      >
         
      </Component>
    </Component>
    <Component
      key="data-table-empty-row-47"
    >
      <Component
        className="bp3-skeleton"
        key="data-table-item-empty-cell-name-47"
      >
         
      </Component>
    </Component>
    <Component
      key="data-table-empty-row-48"
    >
      <Component
        className="bp3-skeleton"
        key="data-table-item-empty-cell-name-48"
      >
         
      </Component>
    </Component>
    <Component
      key="data-table-empty-row-49"
    >
      <Component
        className="bp3-skeleton"
        key="data-table-item-empty-cell-name-49"
      >
         
      </Component>
    </Component>
  </Component>
  <Component>
    <Component
      flex={1}
    >
      <Blueprint3.Button
        icon="refresh"
        minimal={true}
        onClick={[Function]}
      />
      <Component>
        žiadny výber
      </Component>
    </Component>
    <Component
      flex={4}
    >
      <Pagination
        onChange={[Function]}
        page={1}
        size={50}
        total={0}
      />
    </Component>
    <Component
      flex={1}
    >
       
    </Component>
  </Component>
</Component>
`;
